python : Traceback 
(most recent call 
last):
At line:1 char:1
+ python 
verify_fix.py > 
test_output.txt 2>&1
+ ~~~~~~~~~~~~~~~~~~~
~~~~~~~~~~~~~~~~~~~~~
~~~
    + CategoryInfo   
           : NotSpe  
  cified: (Traceba   
 ck (most recent     
call last)::Stri    
ng) [], RemoteEx    
ception
    + FullyQualified 
   ErrorId : Native  
  CommandError
 
  File "D:\renta-car-
voice-agent\verify_fi
x.py", line 55, in 
<module>
    
test_data_accuracy()
    
~~~~~~~~~~~~~~~~~~^^
  File "D:\renta-car-
voice-agent\verify_fi
x.py", line 26, in 
test_data_accuracy
    assert 
data["success"] is 
True
           ^^^^^^^^^^
^^^^^^^^^^^^^
AssertionError
Creating booking...
Create Response: {'success': False, 'bookingReference': None, 'status': None, 'assignedCar': None, 'message': 'No cars available for selected dates.', 'error': 'NO_AVAILABILITY', 'pickupDateTime': None, 'returnDateTime': None, 'pickupLocation': None, 'dropoffLocation': None, 'carCategory': None, 'fullName': None, 'phoneNumber': None, 'calendarStatus': None}
Test Failed: 
